2025-10-05 16:46:54,430 - check-seg2 - INFO - log_training_config:84 - ============================================================
2025-10-05 16:46:54,430 - check-seg2 - INFO - log_training_config:85 - TRAINING CONFIGURATION
2025-10-05 16:46:54,430 - check-seg2 - INFO - log_training_config:86 - ============================================================
2025-10-05 16:46:54,430 - check-seg2 - INFO - log_training_config:88 - Data:
2025-10-05 16:46:54,430 - check-seg2 - INFO - log_training_config:91 -   dataset_name: saberzl/SID_Set
2025-10-05 16:46:54,430 - check-seg2 - INFO - log_training_config:91 -   image_size: 224
2025-10-05 16:46:54,430 - check-seg2 - INFO - log_training_config:91 -   train_samples: 100
2025-10-05 16:46:54,430 - check-seg2 - INFO - log_training_config:91 -   val_samples: 10
2025-10-05 16:46:54,430 - check-seg2 - INFO - log_training_config:91 -   test_samples: 10
2025-10-05 16:46:54,430 - check-seg2 - INFO - log_training_config:91 -   use_streaming: False
2025-10-05 16:46:54,430 - check-seg2 - INFO - log_training_config:91 -   use_disk_cache: True
2025-10-05 16:46:54,430 - check-seg2 - INFO - log_training_config:94 - 
2025-10-05 16:46:54,430 - check-seg2 - INFO - log_training_config:88 - Loader:
2025-10-05 16:46:54,430 - check-seg2 - INFO - log_training_config:91 -   batch_size: 34
2025-10-05 16:46:54,430 - check-seg2 - INFO - log_training_config:91 -   shuffle_train: True
2025-10-05 16:46:54,430 - check-seg2 - INFO - log_training_config:91 -   shuffle_val: False
2025-10-05 16:46:54,430 - check-seg2 - INFO - log_training_config:91 -   shuffle_test: False
2025-10-05 16:46:54,430 - check-seg2 - INFO - log_training_config:91 -   num_workers: 0
2025-10-05 16:46:54,430 - check-seg2 - INFO - log_training_config:94 - 
2025-10-05 16:46:54,430 - check-seg2 - INFO - log_training_config:88 - Model:
2025-10-05 16:46:54,430 - check-seg2 - INFO - log_training_config:91 -   class_names: ['Real', 'Synthetic', 'Tampered']
2025-10-05 16:46:54,430 - check-seg2 - INFO - log_training_config:91 -   num_classes: 3
2025-10-05 16:46:54,430 - check-seg2 - INFO - log_training_config:91 -   normalize_mean: [0.485, 0.456, 0.406]
2025-10-05 16:46:54,430 - check-seg2 - INFO - log_training_config:91 -   normalize_std: [0.229, 0.224, 0.225]
2025-10-05 16:46:54,430 - check-seg2 - INFO - log_training_config:91 -   tampered_label: 2
2025-10-05 16:46:54,430 - check-seg2 - INFO - log_training_config:94 - 
2025-10-05 16:46:54,430 - check-seg2 - INFO - log_training_config:88 - Training:
2025-10-05 16:46:54,430 - check-seg2 - INFO - log_training_config:91 -   epochs: 1
2025-10-05 16:46:54,431 - check-seg2 - INFO - log_training_config:91 -   learning_rate: 0.0003
2025-10-05 16:46:54,431 - check-seg2 - INFO - log_training_config:91 -   seed: 42
2025-10-05 16:46:54,431 - check-seg2 - INFO - log_training_config:91 -   device: cpu
2025-10-05 16:46:54,431 - check-seg2 - INFO - log_training_config:91 -   save_interval: 5
2025-10-05 16:46:54,431 - check-seg2 - INFO - log_training_config:91 -   optimizer: {'name': 'adamw', 'params': {'weight_decay': 0.01}}
2025-10-05 16:46:54,431 - check-seg2 - INFO - log_training_config:94 - 
2025-10-05 16:46:54,431 - check-seg2 - INFO - log_training_config:88 - Paths:
2025-10-05 16:46:54,431 - check-seg2 - INFO - log_training_config:91 -   base_path: outputs
2025-10-05 16:46:54,431 - check-seg2 - INFO - log_training_config:91 -   model_path: /home/kevin/projects/course-projects/deeplearning-for-visual-recognition/deepfake_project/outputs/models/segmentation/251005_164654/segmentation_best_model.pth
2025-10-05 16:46:54,431 - check-seg2 - INFO - log_training_config:91 -   results_dir: /home/kevin/projects/course-projects/deeplearning-for-visual-recognition/deepfake_project/outputs/results/segmentation/251005_164654
2025-10-05 16:46:54,431 - check-seg2 - INFO - log_training_config:91 -   history_file: segmentation_history.json
2025-10-05 16:46:54,431 - check-seg2 - INFO - log_training_config:91 -   logging_dir: /home/kevin/projects/course-projects/deeplearning-for-visual-recognition/deepfake_project/outputs/logs/segmentation/251005_164654
2025-10-05 16:46:54,431 - check-seg2 - INFO - log_training_config:91 -   run_name: 251005_164654
2025-10-05 16:46:54,431 - check-seg2 - INFO - log_training_config:94 - 
2025-10-05 16:46:54,431 - check-seg2 - INFO - log_training_config:88 - Task:
2025-10-05 16:46:54,431 - check-seg2 - INFO - log_training_config:91 -   CLASSIFICATION: classification
2025-10-05 16:46:54,431 - check-seg2 - INFO - log_training_config:91 -   SEGMENTATION: segmentation
2025-10-05 16:46:54,431 - check-seg2 - INFO - log_training_config:91 -   PLOT: plot
2025-10-05 16:46:54,431 - check-seg2 - INFO - log_training_config:94 - 
2025-10-05 16:46:54,431 - check-seg2 - INFO - log_training_config:95 - ============================================================
2025-10-05 16:47:04,292 - check-seg2 - INFO - info:201 - Epoch 1: train_loss=0.6165, train_dice=0.0881
2025-10-05 16:47:04,475 - check-seg2 - INFO - info:201 - Epoch 1: val_loss=0.7034, val_dice=0.0875
2025-10-05 16:47:04,491 - check-seg2 - INFO - info:201 - Saved best segmentation model (dice=0.0875)
