2025-10-05 16:44:14,158 - check-class - INFO - log_training_config:84 - ============================================================
2025-10-05 16:44:14,158 - check-class - INFO - log_training_config:85 - TRAINING CONFIGURATION
2025-10-05 16:44:14,158 - check-class - INFO - log_training_config:86 - ============================================================
2025-10-05 16:44:14,158 - check-class - INFO - log_training_config:88 - Data:
2025-10-05 16:44:14,158 - check-class - INFO - log_training_config:91 -   dataset_name: saberzl/SID_Set
2025-10-05 16:44:14,158 - check-class - INFO - log_training_config:91 -   image_size: 128
2025-10-05 16:44:14,158 - check-class - INFO - log_training_config:91 -   train_samples: 4
2025-10-05 16:44:14,158 - check-class - INFO - log_training_config:91 -   val_samples: 2
2025-10-05 16:44:14,158 - check-class - INFO - log_training_config:91 -   test_samples: 2
2025-10-05 16:44:14,158 - check-class - INFO - log_training_config:91 -   use_streaming: True
2025-10-05 16:44:14,158 - check-class - INFO - log_training_config:91 -   use_disk_cache: False
2025-10-05 16:44:14,158 - check-class - INFO - log_training_config:94 - 
2025-10-05 16:44:14,158 - check-class - INFO - log_training_config:88 - Loader:
2025-10-05 16:44:14,158 - check-class - INFO - log_training_config:91 -   batch_size: 2
2025-10-05 16:44:14,158 - check-class - INFO - log_training_config:91 -   shuffle_train: True
2025-10-05 16:44:14,158 - check-class - INFO - log_training_config:91 -   shuffle_val: False
2025-10-05 16:44:14,158 - check-class - INFO - log_training_config:91 -   shuffle_test: False
2025-10-05 16:44:14,158 - check-class - INFO - log_training_config:91 -   num_workers: 0
2025-10-05 16:44:14,158 - check-class - INFO - log_training_config:94 - 
2025-10-05 16:44:14,158 - check-class - INFO - log_training_config:88 - Model:
2025-10-05 16:44:14,158 - check-class - INFO - log_training_config:91 -   class_names: ['Real', 'Synthetic', 'Tampered']
2025-10-05 16:44:14,158 - check-class - INFO - log_training_config:91 -   num_classes: 3
2025-10-05 16:44:14,159 - check-class - INFO - log_training_config:91 -   normalize_mean: [0.485, 0.456, 0.406]
2025-10-05 16:44:14,159 - check-class - INFO - log_training_config:91 -   normalize_std: [0.229, 0.224, 0.225]
2025-10-05 16:44:14,159 - check-class - INFO - log_training_config:91 -   tampered_label: 2
2025-10-05 16:44:14,159 - check-class - INFO - log_training_config:94 - 
2025-10-05 16:44:14,159 - check-class - INFO - log_training_config:88 - Training:
2025-10-05 16:44:14,159 - check-class - INFO - log_training_config:91 -   epochs: 1
2025-10-05 16:44:14,159 - check-class - INFO - log_training_config:91 -   learning_rate: 0.001
2025-10-05 16:44:14,159 - check-class - INFO - log_training_config:91 -   seed: 42
2025-10-05 16:44:14,159 - check-class - INFO - log_training_config:91 -   device: cpu
2025-10-05 16:44:14,159 - check-class - INFO - log_training_config:91 -   save_interval: 5
2025-10-05 16:44:14,159 - check-class - INFO - log_training_config:91 -   optimizer: {'name': 'adam', 'params': {}}
2025-10-05 16:44:14,159 - check-class - INFO - log_training_config:94 - 
2025-10-05 16:44:14,159 - check-class - INFO - log_training_config:88 - Paths:
2025-10-05 16:44:14,159 - check-class - INFO - log_training_config:91 -   base_path: outputs
2025-10-05 16:44:14,159 - check-class - INFO - log_training_config:91 -   model_path: /home/kevin/projects/course-projects/deeplearning-for-visual-recognition/deepfake_project/outputs/models/dev/251005_164414/classification_best_model.pth
2025-10-05 16:44:14,159 - check-class - INFO - log_training_config:91 -   results_dir: /home/kevin/projects/course-projects/deeplearning-for-visual-recognition/deepfake_project/outputs/results/dev/classification/251005_164414
2025-10-05 16:44:14,159 - check-class - INFO - log_training_config:91 -   history_file: training_history.json
2025-10-05 16:44:14,159 - check-class - INFO - log_training_config:91 -   logging_dir: /home/kevin/projects/course-projects/deeplearning-for-visual-recognition/deepfake_project/outputs/logs/dev/classification/251005_164414
2025-10-05 16:44:14,159 - check-class - INFO - log_training_config:91 -   run_name: 251005_164414
2025-10-05 16:44:14,159 - check-class - INFO - log_training_config:94 - 
2025-10-05 16:44:14,159 - check-class - INFO - log_training_config:88 - Task:
2025-10-05 16:44:14,159 - check-class - INFO - log_training_config:91 -   CLASSIFICATION: classification
2025-10-05 16:44:14,159 - check-class - INFO - log_training_config:91 -   SEGMENTATION: segmentation
2025-10-05 16:44:14,159 - check-class - INFO - log_training_config:91 -   PLOT: plot
2025-10-05 16:44:14,159 - check-class - INFO - log_training_config:94 - 
2025-10-05 16:44:14,159 - check-class - INFO - log_training_config:95 - ============================================================
2025-10-05 16:44:47,592 - check-class - INFO - log_epoch_results:134 - Epoch 1: train_loss=1.1001, val_loss=1.0914, train_acc=0.5000, val_acc=0.5000
2025-10-05 16:44:47,598 - check-class - INFO - info:201 - Saved best model (val_acc: 0.5%)
2025-10-05 16:44:47,598 - check-class - INFO - log_training_complete:153 - ============================================================
2025-10-05 16:44:47,598 - check-class - INFO - log_training_complete:154 - TRAINING COMPLETE
2025-10-05 16:44:47,598 - check-class - INFO - log_training_complete:155 - ============================================================
2025-10-05 16:44:47,598 - check-class - INFO - log_training_complete:157 - Total time: 0.00s (0.00m)
2025-10-05 16:44:47,598 - check-class - INFO - log_training_complete:164 - Best metric 0.5000 at epoch 1
2025-10-05 16:44:47,598 - check-class - INFO - log_training_complete:167 - ============================================================
